OK u_rigger_c1
OK u_rigger_c2
OK u_rigger_c3
== rigger done ==
OK u_marine_c1
OK u_marine_c2
OK u_marine_c3
== marine done ==
OK u_incinerator_c1
OK u_incinerator_c2
OK u_incinerator_c3
== incinerator done ==
OK u_tank_c1
OK u_tank_c2
OK u_tank_c3
== tank done ==
OK u_duster_c1
OK u_duster_c2
OK u_duster_c3
== duster done ==
OK u_ballista_c1
OK u_ballista_c2
OK u_ballista_c3
== ballista done ==
OK u_wraith_c1
OK u_wraith_c2
OK u_wraith_c3
== wraith done ==
OK u_battlecruiser_c1
OK u_battlecruiser_c2
OK u_battlecruiser_c3
== battlecruiser done ==
OK u_ghost_c1
OK u_ghost_c2
OK u_ghost_c3
== ghost done ==
OK u_medic_c1
OK u_medic_c2
OK u_medic_c3
== medic done ==
OK u_drone_c1
OK u_drone_c2
OK u_drone_c3
== drone done ==
OK u_dropship_c1
OK u_dropship_c2
OK u_dropship_c3
== dropship done ==
OK u_skarling_c1
OK u_skarling_c2
OK u_skarling_c3
== skarling done ==
OK u_skarnling_c1
OK u_skarnling_c2
OK u_skarnling_c3
== skarnling done ==
OK u_razorspine_c1
OK u_razorspine_c2
OK u_razorspine_c3
== razorspine done ==
OK u_vexwing_c1
OK u_vexwing_c2
OK u_vexwing_c3
== vexwing done ==
OK u_tremorclaw_c1
OK u_tremorclaw_c2
OK u_tremorclaw_c3
== tremorclaw done ==
OK u_skywarden_c1
OK u_skywarden_c2
OK u_skywarden_c3
== skywarden done ==
OK u_airstinger_c1
OK u_airstinger_c2
OK u_airstinger_c3
== airstinger done ==
OK u_burrower_c1
OK u_burrower_c2
OK u_burrower_c3
== burrower done ==
OK u_artificer_c1
OK u_artificer_c2
OK u_artificer_c3
== artificer done ==
OK u_bladeguard_c1
OK u_bladeguard_c2
OK u_bladeguard_c3
== bladeguard done ==
OK u_sentinel_c1
OK u_sentinel_c2
OK u_sentinel_c3
== sentinel done ==
OK u_stormcaller_c1
OK u_stormcaller_c2
OK u_stormcaller_c3
== stormcaller done ==
OK u_nightblade_c1
OK u_nightblade_c2
OK u_nightblade_c3
== nightblade done ==
OK u_radiant_c1
OK u_radiant_c2
OK u_radiant_c3
== radiant done ==
OK u_ark_c1
OK u_ark_c2
OK u_ark_c3
== ark done ==
OK u_voidlance_c1
OK u_voidlance_c2
OK u_voidlance_c3
== voidlance done ==
OK u_umbral_c1
OK u_umbral_c2
OK u_umbral_c3
== umbral done ==
OK u_sporecaster_c1
OK u_sporecaster_c2
OK u_sporecaster_c3
== sporecaster done ==
OK u_corroder_c1
OK u_corroder_c2
OK u_corroder_c3
== corroder done ==
CAMPAIGN_GEN_DONE
CAMPAIGN_EXIT_0
