SKIP u_rigger
SKIP u_marine
SKIP u_incinerator
SKIP u_tank
SKIP u_duster
SKIP u_ballista
SKIP u_wraith
SKIP u_battlecruiser
SKIP u_ghost
SKIP u_medic
SKIP u_drone
SKIP u_dropship
OK u_skarling
OK u_skarnling
OK u_razorspine
OK u_vexwing
OK u_tremorclaw
OK u_skywarden
OK u_airstinger
OK u_burrower
OK u_artificer
OK u_bladeguard
OK u_sentinel
OK u_stormcaller
OK u_nightblade
OK u_radiant
OK u_ark
OK u_voidlance
OK u_umbral
OK u_sporecaster
OK u_corroder
OK s_commandCenter
OK s_supplyDepot
OK s_refinery
OK s_barracks
OK s_factory
OK s_machineShop
OK s_starport
OK s_controlTower
OK s_academy
OK s_missileTurret
OK s_engineeringBay
OK s_scienceFacility
OK s_bunker
OK s_broodNest
OK s_geneForge
OK s_blightNode
OK s_clawPit
OK s_spineWarren
OK s_aerie
OK s_hive
OK s_deepWarren
OK s_tremorCavern
OK s_stingerColony
OK s_gasSiphon
OK s_aegis
OK s_essenceTap
FAIL s_conduit
OK s_portal
OK s_fabricator
OK s_synapseCore
OK s_runeworks
OK s_psiVault
OK s_convocation
OK s_skyPortal
OK s_skyAnchor
OK s_lanceTurret
OK s_forge
OK fx_explosion
OK fx_inferno
OK fx_rubble
OK fx_crater
OK fx_smoke
OK s_refinery_geyser
OK s_gasSiphon_geyser
OK s_essenceTap_geyser
UNITSTRUCTDONE
